file:///D:/Onesimus/tools/archify/archify/renderers/shared/diagnostics.mjs:38
  const error = new Error(message);
                ^

Error: Authored geometry is banned (SYS-003):
  Authored geometry is banned (SYS-003): workflow edges[3] (id: "e4") uses "route" — remove it; the layout engine owns all geometry.
  Authored geometry is banned (SYS-003): workflow edges[4] (id: "e5") uses "route" — remove it; the layout engine owns all geometry.
    at throwDiagnosticError (file:///D:/Onesimus/tools/archify/archify/renderers/shared/diagnostics.mjs:38:17)
    at assertNoAuthoredGeometry (file:///D:/Onesimus/tools/archify/archify/renderers/shared/validator.mjs:74:5)
    at validateSchema (file:///D:/Onesimus/tools/archify/archify/renderers/shared/validator.mjs:83:3)
    at loadDiagram (file:///D:/Onesimus/tools/archify/archify/renderers/shared/cli.mjs:22:3)
    at loadDiagramWithBrandMarks (file:///D:/Onesimus/tools/archify/archify/renderers/shared/cli.mjs:46:18)
    at file:///D:/Onesimus/tools/archify/archify/renderers/workflow/render-workflow.mjs:41:56
    at ModuleJob.run (node:internal/modules/esm/module_job:430:25)
    at async onImport.tracePromise.__proto__ (node:internal/modules/esm/loader:655:26)
    at async asyncRunEntryPointWithESMLoader (node:internal/modules/run_main:101:5) {
  archifyDiagnostics: [
    {
      code: 'schema/authored-geometry',
      severity: 'error',
      message: 'Authored geometry is banned (SYS-003): workflow edges[3] (id: "e4") uses "route" — remove it; the layout engine owns all geometry.',
      subject: { diagramType: 'workflow', path: '/edges/3', identity: 'e4' },
      evidence: { bannedKey: 'route' },
      supportedFixes: [
        'remove "route" from edges[3] (id: "e4") and re-render; the layout engine computes it'
      ]
    },
    {
      code: 'schema/authored-geometry',
      severity: 'error',
      message: 'Authored geometry is banned (SYS-003): workflow edges[4] (id: "e5") uses "route" — remove it; the layout engine owns all geometry.',
      subject: { diagramType: 'workflow', path: '/edges/4', identity: 'e5' },
      evidence: { bannedKey: 'route' },
      supportedFixes: [
        'remove "route" from edges[4] (id: "e5") and re-render; the layout engine computes it'
      ]
    }
  ]
}

Node.js v25.5.0
